MPLINK 5.08, LINKER
Linker Map File - Created Fri Sep 21 13:27:48 2018

                                 Section Info
                  Section       Type    Address   Location Size(Bytes)
                ---------  ---------  ---------  ---------  ---------
                   .org_0       code   0x000000    program   0x000002
                   .cinit    romdata   0x000001    program   0x000004
                   .org_1       code   0x000004    program   0x00008c
.config_2007_BUILD/DEFAULT/PRODUCTION/VAZIO.O       code   0x002007    program   0x000002



                              Program Memory Usage 
                               Start         End      
                           ---------   ---------      
                            0x000000    0x000002      
                            0x000004    0x000049      
                            0x002007    0x002007      
            74 out of 1158 program addresses used, program memory utilization is 6%



                              Symbols - Sorted by Name
                     Name    Address   Location    Storage File                     
                ---------  ---------  ---------  --------- ---------                
                     DOIS   0x00003a    program     static /home/alexandre/MPLABXProjects/Aula-20-09.X/Vazio.ASM
                   INICIO   0x00000d    program     static /home/alexandre/MPLABXProjects/Aula-20-09.X/Vazio.ASM
                     MAIN   0x00001c    program     static /home/alexandre/MPLABXProjects/Aula-20-09.X/Vazio.ASM
                   QUATRO   0x000043    program     static /home/alexandre/MPLABXProjects/Aula-20-09.X/Vazio.ASM
                  SAI_INT   0x000007    program     static /home/alexandre/MPLABXProjects/Aula-20-09.X/Vazio.ASM
               SUBROTINA1   0x00000c    program     static /home/alexandre/MPLABXProjects/Aula-20-09.X/Vazio.ASM
                     TRES   0x00003e    program     static /home/alexandre/MPLABXProjects/Aula-20-09.X/Vazio.ASM
                       UM   0x000037    program     static /home/alexandre/MPLABXProjects/Aula-20-09.X/Vazio.ASM
                     ZERO   0x000035    program     static /home/alexandre/MPLABXProjects/Aula-20-09.X/Vazio.ASM



                              Symbols - Sorted by Address
                     Name    Address   Location    Storage File                     
                ---------  ---------  ---------  --------- ---------                
                  SAI_INT   0x000007    program     static /home/alexandre/MPLABXProjects/Aula-20-09.X/Vazio.ASM
               SUBROTINA1   0x00000c    program     static /home/alexandre/MPLABXProjects/Aula-20-09.X/Vazio.ASM
                   INICIO   0x00000d    program     static /home/alexandre/MPLABXProjects/Aula-20-09.X/Vazio.ASM
                     MAIN   0x00001c    program     static /home/alexandre/MPLABXProjects/Aula-20-09.X/Vazio.ASM
                     ZERO   0x000035    program     static /home/alexandre/MPLABXProjects/Aula-20-09.X/Vazio.ASM
                       UM   0x000037    program     static /home/alexandre/MPLABXProjects/Aula-20-09.X/Vazio.ASM
                     DOIS   0x00003a    program     static /home/alexandre/MPLABXProjects/Aula-20-09.X/Vazio.ASM
                     TRES   0x00003e    program     static /home/alexandre/MPLABXProjects/Aula-20-09.X/Vazio.ASM
                   QUATRO   0x000043    program     static /home/alexandre/MPLABXProjects/Aula-20-09.X/Vazio.ASM


