MPLINK 5.08, LINKER
Linker Map File - Created Fri Sep 21 13:41:13 2018

                                 Section Info
                  Section       Type    Address   Location Size(Bytes)
                ---------  ---------  ---------  ---------  ---------
                   .org_0       code   0x000000    program   0x000002
                   .cinit    romdata   0x000001    program   0x000004
                   .org_1       code   0x000004    program   0x000032
.config_2007_BUILD/DEFAULT/PRODUCTION/VAZIO.O       code   0x002007    program   0x000002



                              Program Memory Usage 
                               Start         End      
                           ---------   ---------      
                            0x000000    0x000002      
                            0x000004    0x00001c      
                            0x002007    0x002007      
            29 out of 1158 program addresses used, program memory utilization is 2%



                              Symbols - Sorted by Name
                     Name    Address   Location    Storage File                     
                ---------  ---------  ---------  --------- ---------                
                   INICIO   0x00000d    program     static /home/alexandre/MPLABXProjects/Aula-20-09-pt1.X/Vazio.ASM
                     MAIN   0x00001c    program     static /home/alexandre/MPLABXProjects/Aula-20-09-pt1.X/Vazio.ASM
                  SAI_INT   0x000007    program     static /home/alexandre/MPLABXProjects/Aula-20-09-pt1.X/Vazio.ASM
               SUBROTINA1   0x00000c    program     static /home/alexandre/MPLABXProjects/Aula-20-09-pt1.X/Vazio.ASM



                              Symbols - Sorted by Address
                     Name    Address   Location    Storage File                     
                ---------  ---------  ---------  --------- ---------                
                  SAI_INT   0x000007    program     static /home/alexandre/MPLABXProjects/Aula-20-09-pt1.X/Vazio.ASM
               SUBROTINA1   0x00000c    program     static /home/alexandre/MPLABXProjects/Aula-20-09-pt1.X/Vazio.ASM
                   INICIO   0x00000d    program     static /home/alexandre/MPLABXProjects/Aula-20-09-pt1.X/Vazio.ASM
                     MAIN   0x00001c    program     static /home/alexandre/MPLABXProjects/Aula-20-09-pt1.X/Vazio.ASM


