MPLINK 5.08, LINKER
Linker Map File - Created Thu Aug  2 20:53:28 2018

                                 Section Info
                  Section       Type    Address   Location Size(Bytes)
                ---------  ---------  ---------  ---------  ---------
                   .org_0       code   0x000000    program   0x000002
                   .cinit    romdata   0x000001    program   0x000004
                   .org_1       code   0x000004    program   0x000078
.config_2007_BUILD/DEFAULT/PRODUCTION/SUANNYC       code   0x002007    program   0x000002



                              Program Memory Usage 
                               Start         End      
                           ---------   ---------      
                            0x000000    0x000002      
                            0x000004    0x00003f      
                            0x002007    0x002007      
            64 out of 1158 program addresses used, program memory utilization is 5%



                              Symbols - Sorted by Name
                     Name    Address   Location    Storage File                     
                ---------  ---------  ---------  --------- ---------                
                CHECKTOIF   0x00001f    program     static /home/alexandre/MPLABXProjects/aula3107.X/SuannyCode.ASM
               CHECKTOIF2   0x00002b    program     static /home/alexandre/MPLABXProjects/aula3107.X/SuannyCode.ASM
               CHECKTOIF3   0x000038    program     static /home/alexandre/MPLABXProjects/aula3107.X/SuannyCode.ASM
              INICIALIZAR   0x00001b    program     static /home/alexandre/MPLABXProjects/aula3107.X/SuannyCode.ASM
                   INICIO   0x00000d    program     static /home/alexandre/MPLABXProjects/aula3107.X/SuannyCode.ASM
                     MAIN   0x00001a    program     static /home/alexandre/MPLABXProjects/aula3107.X/SuannyCode.ASM
                  SAI_INT   0x000007    program     static /home/alexandre/MPLABXProjects/aula3107.X/SuannyCode.ASM
               SUBROTINA1   0x00000c    program     static /home/alexandre/MPLABXProjects/aula3107.X/SuannyCode.ASM
                    VOLTA   0x000035    program     static /home/alexandre/MPLABXProjects/aula3107.X/SuannyCode.ASM



                              Symbols - Sorted by Address
                     Name    Address   Location    Storage File                     
                ---------  ---------  ---------  --------- ---------                
                  SAI_INT   0x000007    program     static /home/alexandre/MPLABXProjects/aula3107.X/SuannyCode.ASM
               SUBROTINA1   0x00000c    program     static /home/alexandre/MPLABXProjects/aula3107.X/SuannyCode.ASM
                   INICIO   0x00000d    program     static /home/alexandre/MPLABXProjects/aula3107.X/SuannyCode.ASM
                     MAIN   0x00001a    program     static /home/alexandre/MPLABXProjects/aula3107.X/SuannyCode.ASM
              INICIALIZAR   0x00001b    program     static /home/alexandre/MPLABXProjects/aula3107.X/SuannyCode.ASM
                CHECKTOIF   0x00001f    program     static /home/alexandre/MPLABXProjects/aula3107.X/SuannyCode.ASM
               CHECKTOIF2   0x00002b    program     static /home/alexandre/MPLABXProjects/aula3107.X/SuannyCode.ASM
                    VOLTA   0x000035    program     static /home/alexandre/MPLABXProjects/aula3107.X/SuannyCode.ASM
               CHECKTOIF3   0x000038    program     static /home/alexandre/MPLABXProjects/aula3107.X/SuannyCode.ASM


