MPLINK 5.08, LINKER
Linker Map File - Created Thu Jul 26 20:37:38 2018

                                 Section Info
                  Section       Type    Address   Location Size(Bytes)
                ---------  ---------  ---------  ---------  ---------
                   .org_0       code   0x000000    program   0x000000
                   .org_1       code   0x000000    program   0x000002
                   .org_2       code   0x000004    program   0x000042
.config_2007_/HOME/ALEXANDRE/MPLABXPROJECTS/A       code   0x002007    program   0x000002



                              Program Memory Usage 
                               Start         End      
                           ---------   ---------      
                            0x000000    0x000000      
                            0x000004    0x000024      
                            0x002007    0x002007      
            35 out of 1158 program addresses used, program memory utilization is 3%



                              Symbols - Sorted by Name
                     Name    Address   Location    Storage File                     
                ---------  ---------  ---------  --------- ---------                
                   INICIO   0x00000d    program     static /home/alexandre/MPLABXProjects/aula2607.X/Vazio.ASM
                     MAIN   0x000019    program     static /home/alexandre/MPLABXProjects/aula2607.X/Vazio.ASM
           QUALQUER_COISA   0x00001d    program     static /home/alexandre/MPLABXProjects/aula2607.X/Vazio.ASM
                  SAI_INT   0x000007    program     static /home/alexandre/MPLABXProjects/aula2607.X/Vazio.ASM
               SUBROTINA1   0x00000c    program     static /home/alexandre/MPLABXProjects/aula2607.X/Vazio.ASM



                              Symbols - Sorted by Address
                     Name    Address   Location    Storage File                     
                ---------  ---------  ---------  --------- ---------                
                  SAI_INT   0x000007    program     static /home/alexandre/MPLABXProjects/aula2607.X/Vazio.ASM
               SUBROTINA1   0x00000c    program     static /home/alexandre/MPLABXProjects/aula2607.X/Vazio.ASM
                   INICIO   0x00000d    program     static /home/alexandre/MPLABXProjects/aula2607.X/Vazio.ASM
                     MAIN   0x000019    program     static /home/alexandre/MPLABXProjects/aula2607.X/Vazio.ASM
           QUALQUER_COISA   0x00001d    program     static /home/alexandre/MPLABXProjects/aula2607.X/Vazio.ASM


